[    0.000000] Initializing cgroup subsys cpuset
[    0.000000] Initializing cgroup subsys cpu
[    0.000000] Initializing cgroup subsys cpuacct
[    0.000000] Linux version 4.4.0-59-generic (buildd@lgw01-11) (gcc version 5.4.0 20160609 (Ubuntu 5.4.0-6ubuntu1~16.04.4) ) #80-Ubuntu SMP Fri Jan 6 17:47:47 UTC 2017 (Ubuntu 4.4.0-59.80-generic 4.4.35)
[    0.000000] Command line: BOOT_IMAGE=/boot/vmlinuz-4.4.0-59-generic root=LABEL=cloudimg-rootfs ro console=tty1 console=ttyS0
[    0.000000] KERNEL supported cpus:
[    0.000000]   Intel GenuineIntel
[    0.000000]   AMD AuthenticAMD
[    0.000000]   Centaur CentaurHauls
[    0.000000] x86/fpu: xstate_offset[2]:  576, xstate_sizes[2]:  256
[    0.000000] x86/fpu: Supporting XSAVE feature 0x01: 'x87 floating point registers'
[    0.000000] x86/fpu: Supporting XSAVE feature 0x02: 'SSE registers'
[    0.000000] x86/fpu: Supporting XSAVE feature 0x04: 'AVX registers'
[    0.000000] x86/fpu: Enabled xstate features 0x7, context size is 832 bytes, using 'standard' format.
[    0.000000] x86/fpu: Using 'lazy' FPU context switches.
[    0.000000] e820: BIOS-provided physical RAM map:
[    0.000000] BIOS-e820: [mem 0x0000000000000000-0x000000000009fbff] usable
[    0.000000] BIOS-e820: [mem 0x000000000009fc00-0x000000000009ffff] reserved
[    0.000000] BIOS-e820: [mem 0x00000000000f0000-0x00000000000fffff] reserved
[    0.000000] BIOS-e820: [mem 0x0000000000100000-0x000000003ffeffff] usable
[    0.000000] BIOS-e820: [mem 0x000000003fff0000-0x000000003fffffff] ACPI data
[    0.000000] BIOS-e820: [mem 0x00000000fec00000-0x00000000fec00fff] reserved
[    0.000000] BIOS-e820: [mem 0x00000000fee00000-0x00000000fee00fff] reserved
[    0.000000] BIOS-e820: [mem 0x00000000fffc0000-0x00000000ffffffff] reserved
[    0.000000] NX (Execute Disable) protection: active
[    0.000000] SMBIOS 2.5 present.
[    0.000000] Hypervisor detected: KVM
[    0.000000] e820: last_pfn = 0x3fff0 max_arch_pfn = 0x400000000
[    0.000000] MTRR: Disabled
[    0.000000] x86/PAT: MTRRs disabled, skipping PAT initialization too.
[    0.000000] x86/PAT: Configuration [0-7]: WB  WT  UC- UC  WB  WT  UC- UC  
[    0.000000] CPU MTRRs all blank - virtualized system.
[    0.000000] found SMP MP-table at [mem 0x0009fff0-0x0009ffff] mapped at [ffff88000009fff0]
[    0.000000] Scanning 1 areas for low memory corruption
[    0.000000] RAMDISK: [mem 0x36b78000-0x375b3fff]
[    0.000000] ACPI: Early table checksum verification disabled
[    0.000000] ACPI: RSDP 0x00000000000E0000 000024 (v02 VBOX  )
[    0.000000] ACPI: XSDT 0x000000003FFF0030 00003C (v01 VBOX   VBOXXSDT 00000001 ASL  00000061)
[    0.000000] ACPI: FACP 0x000000003FFF00F0 0000F4 (v04 VBOX   VBOXFACP 00000001 ASL  00000061)
[    0.000000] ACPI: DSDT 0x000000003FFF0470 00210F (v01 VBOX   VBOXBIOS 00000002 INTL 20100528)
[    0.000000] ACPI: FACS 0x000000003FFF0200 000040
[    0.000000] ACPI: FACS 0x000000003FFF0200 000040
[    0.000000] ACPI: APIC 0x000000003FFF0240 00005C (v02 VBOX   VBOXAPIC 00000001 ASL  00000061)
[    0.000000] ACPI: SSDT 0x000000003FFF02A0 0001CC (v01 VBOX   VBOXCPUT 00000002 INTL 20100528)
[    0.000000] No NUMA configuration found
[    0.000000] Faking a node at [mem 0x0000000000000000-0x000000003ffeffff]
[    0.000000] NODE_DATA(0) allocated [mem 0x3ffeb000-0x3ffeffff]
[    0.000000] kvm-clock: Using msrs 4b564d01 and 4b564d00
[    0.000000] kvm-clock: cpu 0, msr 0:3ffe3001, primary cpu clock
[    0.000000] kvm-clock: using sched offset of 2971322744 cycles
[    0.000000] clocksource: kvm-clock: mask: 0xffffffffffffffff max_cycles: 0x1cd42e4dffb, max_idle_ns: 881590591483 ns
[    0.000000] Zone ranges:
[    0.000000]   DMA      [mem 0x0000000000001000-0x0000000000ffffff]
[    0.000000]   DMA32    [mem 0x0000000001000000-0x000000003ffeffff]
[    0.000000]   Normal   empty
[    0.000000]   Device   empty
[    0.000000] Movable zone start for each node
[    0.000000] Early memory node ranges
[    0.000000]   node   0: [mem 0x0000000000001000-0x000000000009efff]
[    0.000000]   node   0: [mem 0x0000000000100000-0x000000003ffeffff]
[    0.000000] Initmem setup node 0 [mem 0x0000000000001000-0x000000003ffeffff]
[    0.000000] ACPI: PM-Timer IO Port: 0x4008
[    0.000000] IOAPIC[0]: apic_id 2, version 32, address 0xfec00000, GSI 0-23
[    0.000000] ACPI: INT_SRC_OVR (bus 0 bus_irq 0 global_irq 2 dfl dfl)
[    0.000000] ACPI: INT_SRC_OVR (bus 0 bus_irq 9 global_irq 9 high level)
[    0.000000] Using ACPI (MADT) for SMP configuration information
[    0.000000] smpboot: Allowing 2 CPUs, 0 hotplug CPUs
[    0.000000] PM: Registered nosave memory: [mem 0x00000000-0x00000fff]
[    0.000000] PM: Registered nosave memory: [mem 0x0009f000-0x0009ffff]
[    0.000000] PM: Registered nosave memory: [mem 0x000a0000-0x000effff]
[    0.000000] PM: Registered nosave memory: [mem 0x000f0000-0x000fffff]
[    0.000000] e820: [mem 0x40000000-0xfebfffff] available for PCI devices
[    0.000000] Booting paravirtualized kernel on KVM
[    0.000000] clocksource: refined-jiffies: mask: 0xffffffff max_cycles: 0xffffffff, max_idle_ns: 7645519600211568 ns
[    0.000000] setup_percpu: NR_CPUS:512 nr_cpumask_bits:512 nr_cpu_ids:2 nr_node_ids:1
[    0.000000] PERCPU: Embedded 33 pages/cpu @ffff88003fc00000 s98264 r8192 d28712 u1048576
[    0.000000] PV qspinlock hash table entries: 256 (order: 0, 4096 bytes)
[    0.000000] Built 1 zonelists in Node order, mobility grouping on.  Total pages: 257913
[    0.000000] Policy zone: DMA32
[    0.000000] Kernel command line: BOOT_IMAGE=/boot/vmlinuz-4.4.0-59-generic root=LABEL=cloudimg-rootfs ro console=tty1 console=ttyS0
[    0.000000] PID hash table entries: 4096 (order: 3, 32768 bytes)
[    0.000000] Memory: 1002100K/1048120K available (8436K kernel code, 1291K rwdata, 3960K rodata, 1488K init, 1316K bss, 46020K reserved, 0K cma-reserved)
[    0.000000] SLUB: HWalign=64, Order=0-3, MinObjects=0, CPUs=2, Nodes=1
[    0.000000] Hierarchical RCU implementation.
[    0.000000] 	Build-time adjustment of leaf fanout to 64.
[    0.000000] 	RCU restricting CPUs from NR_CPUS=512 to nr_cpu_ids=2.
[    0.000000] RCU: Adjusting geometry for rcu_fanout_leaf=64, nr_cpu_ids=2
[    0.000000] NR_IRQS:33024 nr_irqs:440 16
[    0.000000] Console: colour VGA+ 80x25
[    0.000000] console [tty1] enabled
[    0.000000] console [ttyS0] enabled
[    0.000000] tsc: Detected 2194.918 MHz processor
[   11.874535] Calibrating delay loop (skipped) preset value.. 4389.83 BogoMIPS (lpj=8779672)
[   12.022366] pid_max: default: 32768 minimum: 301
[   12.109994] ACPI: Core revision 20150930
[   12.189236] ACPI: 2 ACPI AML tables successfully acquired and loaded
[   12.319622] Security Framework initialized
[   12.388006] Yama: becoming mindful.
[   12.423218] AppArmor: AppArmor initialized
[   12.478483] Dentry cache hash table entries: 131072 (order: 8, 1048576 bytes)
[   12.571790] Inode-cache hash table entries: 65536 (order: 7, 524288 bytes)
[   12.596576] Mount-cache hash table entries: 2048 (order: 2, 16384 bytes)
[   12.664813] Mountpoint-cache hash table entries: 2048 (order: 2, 16384 bytes)
[   12.680723] Initializing cgroup subsys io
[   12.685003] Initializing cgroup subsys memory
[   12.754379] Initializing cgroup subsys devices
[   12.834112] Initializing cgroup subsys freezer
[   12.904905] Initializing cgroup subsys net_cls
[   12.989449] Initializing cgroup subsys perf_event
[   13.076974] Initializing cgroup subsys net_prio
[   13.153505] Initializing cgroup subsys hugetlb
[   13.224290] Initializing cgroup subsys pids
[   13.297950] CPU: Physical Processor ID: 0
[   13.371598] CPU: Processor Core ID: 0
[   13.434445] mce: CPU supports 0 MCE banks
[   13.487038] Last level iTLB entries: 4KB 1024, 2MB 1024, 4MB 1024
[   13.539151] Last level dTLB entries: 4KB 1024, 2MB 1024, 4MB 1024, 1GB 4
[   13.594125] Freeing SMP alternatives memory: 32K (ffffffff820b8000 - ffffffff820c0000)
[   13.737026] ftrace: allocating 32064 entries in 126 pages
[   13.877514] smpboot: APIC(0) Converting physical 0 to logical package 0
[   14.022323] smpboot: Max logical packages: 1
[   14.118288] x2apic enabled
[   14.157519] Switched APIC routing to physical x2apic.
[   14.247870] ..TIMER: vector=0x30 apic1=0 pin1=2 apic2=-1 pin2=-1
[   14.472499] smpboot: CPU0: Intel(R) Core(TM) i7-4770HQ CPU @ 2.20GHz (family: 0x6, model: 0x46, stepping: 0x1)
[   14.621532] Performance Events: unsupported p6 CPU model 70 no PMU driver, software events only.
[   14.754547] KVM setup paravirtual spinlock
[   14.823163] x86: Booting SMP configuration:
[   14.890469] .... node  #0, CPUs:      #1
[   14.962984] kvm-clock: cpu 1, msr 0:3ffe3041, secondary cpu clock
[   15.106794] mce: CPU supports 0 MCE banks
[   15.191475] x86: Booted up 1 node, 2 CPUs
[   15.258225] smpboot: Total of 2 processors activated (8779.67 BogoMIPS)
[   15.388645] devtmpfs: initialized
[   15.451256] evm: security.selinux
[   15.507208] evm: security.SMACK64
[   15.565383] evm: security.SMACK64EXEC
[   15.635683] evm: security.SMACK64TRANSMUTE
[   15.680127] evm: security.SMACK64MMAP
[   15.712372] evm: security.ima
[   15.718754] evm: security.capability
[   15.769111] clocksource: jiffies: mask: 0xffffffff max_cycles: 0xffffffff, max_idle_ns: 7645041785100000 ns
[   15.963873] pinctrl core: initialized pinctrl subsystem
[   16.049405] RTC time: 10:15:35, date: 06/20/17
[   16.087386] NET: Registered protocol family 16
[   16.167751] cpuidle: using governor ladder
[   16.227318] cpuidle: using governor menu
[   16.291789] PCCT header not found.
[   16.367421] ACPI: bus type PCI registered
[   16.435185] acpiphp: ACPI Hot Plug PCI Controller Driver version: 0.5
[   16.556405] PCI: Using configuration type 1 for base access
[   16.675582] ACPI: Added _OSI(Module Device)
[   16.754375] ACPI: Added _OSI(Processor Device)
[   16.789412] ACPI: Added _OSI(3.0 _SCP Extensions)
[   16.808480] ACPI: Added _OSI(Processor Aggregator Device)
[   16.873019] ACPI: Executed 1 blocks of module-level executable AML code
[   17.000452] ACPI: Interpreter enabled
[   17.067507] ACPI: (supports S0 S5)
[   17.148708] ACPI: Using IOAPIC for interrupt routing
[   17.245277] PCI: Using host bridge windows from ACPI; if necessary, use "pci=nocrs" and report a bug
[   17.393440] ACPI: PCI Root Bridge [PCI0] (domain 0000 [bus 00-ff])
[   17.529710] acpi PNP0A03:00: _OSC: OS supports [ASPM ClockPM Segments MSI]
[   17.641955] acpi PNP0A03:00: _OSC failed (AE_NOT_FOUND); disabling ASPM
[   17.739159] acpi PNP0A03:00: fail to add MMCONFIG information, can't access extended PCI configuration space under this bridge.
[   17.898406] PCI host bridge to bus 0000:00
[   17.947443] pci_bus 0000:00: root bus resource [io  0x0000-0x0cf7 window]
[   18.083365] pci_bus 0000:00: root bus resource [io  0x0d00-0xffff window]
[   18.186940] pci_bus 0000:00: root bus resource [mem 0x000a0000-0x000bffff window]
[   18.350766] pci_bus 0000:00: root bus resource [mem 0x40000000-0xffdfffff window]
[   18.450086] pci_bus 0000:00: root bus resource [bus 00-ff]
[   18.515247] pci 0000:00:01.1: legacy IDE quirk: reg 0x10: [io  0x01f0-0x01f7]
[   18.582300] pci 0000:00:01.1: legacy IDE quirk: reg 0x14: [io  0x03f6]
[   18.666566] pci 0000:00:01.1: legacy IDE quirk: reg 0x18: [io  0x0170-0x0177]
[   18.793464] pci 0000:00:01.1: legacy IDE quirk: reg 0x1c: [io  0x0376]
[   18.898785] pci 0000:00:07.0: quirk: [io  0x4000-0x403f] claimed by PIIX4 ACPI
[   18.971136] pci 0000:00:07.0: quirk: [io  0x4100-0x410f] claimed by PIIX4 SMB
[   19.044160] ACPI: PCI Interrupt Link [LNKA] (IRQs 5 9 10 *11)
[   19.152633] ACPI: PCI Interrupt Link [LNKB] (IRQs 5 9 10 *11)
[   19.249324] ACPI: PCI Interrupt Link [LNKC] (IRQs 5 9 *10 11)
[   19.349503] ACPI: PCI Interrupt Link [LNKD] (IRQs 5 *9 10 11)
[   19.452284] ACPI: Enabled 2 GPEs in block 00 to 07
[   19.516821] vgaarb: setting as boot device: PCI:0000:00:02.0
[   19.644621] vgaarb: device added: PCI:0000:00:02.0,decodes=io+mem,owns=io+mem,locks=none
[   19.811158] vgaarb: loaded
[   19.851043] vgaarb: bridge control possible 0000:00:02.0
[   19.889139] SCSI subsystem initialized
[   19.942641] ACPI: bus type USB registered
[   20.030405] usbcore: registered new interface driver usbfs
[   20.082251] usbcore: registered new interface driver hub
[   20.142179] usbcore: registered new device driver usb
[   20.206239] PCI: Using ACPI for IRQ routing
[   20.281757] NetLabel: Initializing
[   20.345187] NetLabel:  domain hash size = 128
[   20.406314] NetLabel:  protocols = UNLABELED CIPSOv4
[   20.489585] NetLabel:  unlabeled traffic allowed by default
[   20.577204] amd_nb: Cannot enumerate AMD northbridges
[   20.631931] clocksource: Switched to clocksource kvm-clock
[   20.719308] AppArmor: AppArmor Filesystem Enabled
[   20.834844] pnp: PnP ACPI init
[   20.913840] pnp: PnP ACPI: found 3 devices
[   21.009659] clocksource: acpi_pm: mask: 0xffffff max_cycles: 0xffffff, max_idle_ns: 2085701024 ns
[   21.193156] NET: Registered protocol family 2
[   21.261766] TCP established hash table entries: 8192 (order: 4, 65536 bytes)
[   21.433916] TCP bind hash table entries: 8192 (order: 5, 131072 bytes)
[   21.608151] TCP: Hash tables configured (established 8192 bind 8192)
[   21.760607] UDP hash table entries: 512 (order: 2, 16384 bytes)
[   21.793549] UDP-Lite hash table entries: 512 (order: 2, 16384 bytes)
[   21.927223] NET: Registered protocol family 1
[   22.019375] pci 0000:00:00.0: Limiting direct PCI/PCI transfers
[   22.151353] pci 0000:00:01.0: Activating ISA DMA hang workarounds
[   22.294054] Trying to unpack rootfs image as initramfs...
[   24.185200] Freeing initrd memory: 10480K (ffff880036b78000 - ffff8800375b4000)
[   24.402804] platform rtc_cmos: registered platform RTC device (no PNP device found)
[   24.478913] Scanning for low memory corruption every 60 seconds
[   24.551584] futex hash table entries: 512 (order: 3, 32768 bytes)
[   24.695210] audit: initializing netlink subsys (disabled)
[   24.844650] audit: type=2000 audit(1497953728.370:1): initialized
[   25.021933] Initialise system trusted keyring
[   25.137308] HugeTLB registered 2 MB page size, pre-allocated 0 pages
[   25.273327] zbud: loaded
[   25.342858] VFS: Disk quotas dquot_6.6.0
[   25.438151] tsc: Refined TSC clocksource calibration: 2195.098 MHz
[   25.548384] clocksource: tsc: mask: 0xffffffffffffffff max_cycles: 0x1fa41c1cc38, max_idle_ns: 440795210299 ns
[   25.548489] VFS: Dquot-cache hash table entries: 512 (order 0, 4096 bytes)
[   25.548761] squashfs: version 4.0 (2009/01/31) Phillip Lougher
[   25.582350] fuse init (API version 7.23)
[   25.582532] Key type big_key registered
[   25.582566] Allocating IMA MOK and blacklist keyrings.
[   25.582913] Key type asymmetric registered
[   25.582920] Asymmetric key parser 'x509' registered
[   25.583017] Block layer SCSI generic (bsg) driver version 0.4 loaded (major 249)
[   25.583071] io scheduler noop registered
[   25.583073] io scheduler deadline registered (default)
[   25.583115] io scheduler cfq registered
[   25.583282] pci_hotplug: PCI Hot Plug PCI Core version: 0.5
[   25.583293] pciehp: PCI Express Hot Plug Controller Driver version: 0.4
[   25.583678] ACPI: AC Adapter [AC] (off-line)
[   25.583748] input:PPower Button as /devices/LNXSYSTM:00/LNXPWRBN:00/input/input0
[   25.583751] ACPI: Power Button [PWRF]
[   25.583837] input: Sleep Button as /devices/LNXSYSTM:00/LNXSLPBN:00/input/input1
[   25.583838] ACPI: Sleep Button [SLPF]
[   25.584062] GHES: HEST is not enabled!
[   25.584204] Serial: 8250/16550 driver, 32 ports, IRQ sharing enabled
[   25.612878] 00:02: ttyS0 at I/O 0x3f8 (irq = 4, base_baud = 115200) is a 16550A
[   25.838274] Linux agpgart interface v0.103
[   26.003594] brd: module loaded
[   26.004266] loop: module loaded
[   26.004719] scsi host0: ata_piix
[   26.004764] scsi host1: ata_piix
[   26.004787] ata1: PATA max UDMA/33 cmd 0x1f0 ctl 0x3f6 bmdma 0xd000 irq 14
[   26.004788] ata2: PATA max UDMA/33 cmd 0x170 ctl 0x376 bmdma 0xd008 irq 15
[   26.004850] libphy: Fixed MDIO Bus: probed
[   26.004853] tun: Universal TUN/TAP device driver, 1.6
[   26.004853] tun: (C) 1999-2004 Max Krasnyansky <maxk@qualcomm.com>
[   26.004881] PPP generic driver version 2.4.2
[   26.004923] ehci_hcd: USB 2.0 'Enhanced' Host Controller (EHCI) Driver
[   26.004927] ehci-pci: EHCI PCI platform driver
[   26.004941] ehci-platform: EHCI generic platform driver
[   26.004949] ohci_hcd: USB 1.1 'Open' Host Controller (OHCI) Driver
[   26.004952] ohci-pci: OHCI PCI platform driver
[   26.004959] ohci-platform: OHCI generic platform drvver
[   26.004965] uhci_hcd: USB Universal Host Controller Interface driver
[   26.005012] i8042: PNP: PS/2 Controller [PNP0303:PS2K,PNP0f03:PS2M] at 0x60,0x64 irq 1,12
[   26.005423] serio: i8042 KBD port at 0x60,0x64 irq 1
[   26.005426] serio: i8042 AUX port at 0x60,0x64 irq 12
[   26.005505] mousedev: PS/2 mouse device common for all mice
[   26.005733] input: AT Translated Set 2 keyboard as /devices/platform/i8042/serio0/input/input2
[   26.006013] rtc_cmos rtc_cmos: rtc core: registered rtc_cmos as rtc0
[   26.006061] rtc_cmos rtc_cmos: alarms up to one day, 114 bytes nvram
[   26.006065] i2c /dev entries driver
[   26.006109] device-mapper: uevent: version 1.0.3
[   26.006150] device-mapper: ioctl: 4.34.0-ioctl (2015-10-28) initialised: dm-devel@redhat.com
[   26.006162] ledtrig-cpu: registered to indicate activity on CPUs
[   26.006368] NET: Registered protocol family 10
[   26.006488] NET: Registrred protocol family 17
[   26.006497] Key type dns_resolver registered
[   26.006601] microcode: CPU0 sig=0x40661, pf=0x40, revision=0x0
[   26.033418] microcode: CPU1 sig=0x40661, pf=0x40, revision=0x0
[   26.033465] microcode: Microcode Update Driver: v2.01 <tigran@aivazian.fsnet.co.uk>, Peter Oruba
[   26.033577] registered taskstats version 1
[   26.033592] Loading compiled-in X.509 certificates
[   26.034198] Loaded X.509 cert 'Build time autogenerated kernel key: 6ffa6bfaa152a74cd2b6aa1e188cb999d8f5632b'
[   26.034213] zswap: loaded using pool lzo/zbud
[   26.035196] ACPI: Battery Slot [BAT0] (battery present)
[   26.037188] Key type trusted registered
[   26.038966] Key type encrypted registered
[   26.038970] AppArmor: AppArmor sha1 policy hashing enabled
[   26.038973] ima: No TPM chip found, activating TPM-bypass!
[   26.038989] evm: HMAC attrs: 0x1
[   26.039225]   Magic number: 5:282:275
[   26.039250] tty tty12: hash matches
[   26.149117] rtc_cmos rtc_cmos: setting system clock to 2017-06-20 10:15:45 UTC (1497953745)
[   26.149228] BIOS EDD facility v0.16 2004-Jun-25, 0 devices found
[   26.149229] EDD information not available.
[   33.847019] Freeing unused kernel memory: 1488K (ffffffff81f44000 - ffffffff820b8000)
[   34.047745] Write protecting the kernel read-only data: 14336k
[   34.205455] Freeing unused kernel memory: 1792K (ffff880001840000 - ffff880001a00000)
[   34.333035] Freeing unused kernel memory: 136K (ffff880001dde000 - ffff880001e00000)
Loading, please wait...
[   34.419364] random: systemd-udevd: uninitialized urandom read (16 bytes read, 4 bits of entropy available)
starting version[   34.419886] random: udevadm: uninitialized urandom read (16 bytes read, 4 bits of entropy available)
 229
[   34.419915] random: udevadm: uninitialized urandom read (16 bytes read, 4 bits of entropy available)
[   34.420066] random: udevadm: uninitialized urandom read (16 bytes read, 4 bits of entropy available)
[   34.420100] random: udevadm: uninitialized urandom read (16 bytes read, 4 bits of entropy available)
[   34.420132] random: udevadm: uninitialized urandom read (16 bytes read, 4 bits of entropy available)
[   34.420165] random: udevadm: uninitialized urandom read (16 bytes read, 4 bits of entropy available)
[   34.420203] random: udevadm: uninitialized urandom read (16 bytes read, 4 bits of entropy available)
[   34.420232] random: udevadm: uninitialized urandom read (16 bytes read, 4 bits of entropy available)
[   34.420261] random: udevadm: uninitialized urandom read (16 bytes read, 4 bits of entropy available)
[   36.121722] Fusion MPT base driver 3.04.20
[   36.268424] Copyright (c) 1999-2008 LSI Corporation
[   36.397208] e1000: Intel(R) PRO/1000 Network Driver - version 7.3.21-k8-NAPI
[   36.523449] e1000: Copyright (c) 1999-2006 Intel Corporation.
[   36.548717] Fusion MPT SPI Host driver 3.04.20
[   36.630844] mptbase: ioc0: Initiating bringup
[   36.796308] AVX version of gcm_enc/dec engaged.
[   36.885694] AES CTR mode by8 optimization enabled
[   37.044797] ioc0: LSI53C1030 A0: Capabilities={Initiator}
[   37.282259] input: ImExPS/2 Generic Explorer Mouse as /devices/platform/i8042/serio1/input/input4
[   37.443321] scsi host2: ioc0: LSI53C1030 A0, FwRev=00000000h, Ports=1, MaxQ=256, IRQ=20
[   37.737051] scsi 2:0:0:0: Direct-Access     VBOX     HARDDISK         1.0  PQ: 0 ANSI: 5
[   37.941870] scsi target2:0:0: Beginning Domain Validation
[   38.061960] scsi target2:0:0: Domain Validation skipping write tests
[   38.172522] scsi target2:0:0: Ending Domain Validation
[   38.262095] scsi target2:0:0: asynchronous
[   38.352096] scsi 2:0:1:0: Direct-Access     VBOX     HARDDISK         1.0  PQ: 0 ANSI: 5
[   38.512602] e1000 0000:00:03.0 eth0: (PCI:33MHz:32-bit) 02:51:40:82:8e:e9
[   38.512605] e1000 0000:00:03.0 eth0: Intel(R) PRO/1000 Network Connection
[   38.647788] e1000 0000:00:03.0 enp0s3: renamed from eth0
[   38.702858] scsi target2:0:1: Beginning Domain Validation
[   38.746394] scsi target2:0:1: Domain Validation skipping write tests
[   38.863826] scsi target2:0:1: Ending Domain Validation
[   38.887348] scsi target2:0:1: asynchronous
[   38.971903] sd 2:0:0:0: Attached scsi generic sg0 type 0
[   39.009178] sd 2:0:0:0: [sda] 20971520 512-byte logical blocks: (10.7 GB/10.0 GiB)
[   39.037149] sd 2:0:0:0: [sda] Write Protect is off
[   39.045432] sd 2:0:1:0: [sdb] 20480 512-byte logical blocks: (10.5 MB/10.0 MiB)
[   39.045447] sd 2:0:1:0: Attached scsi generic sg1 type 0
[   39.117805] sd 2:0:0:0: [sda] Incomplete mode parameter data
[   39.118057] sd 2:0:1:0: [sdb] Write Protect is off
[   39.118226] sd 2:0:1:0: [sdb] Incomplete mode parameter data
[   39.118228] sd 2:0:1:0: [sdb] Assuming drive cache: write through
[   39.191107] sd 2:0:1:0: [sdb] Attached SCSI disk
[   39.301856] sd 2:0:0:0: [sda] Assuming drive cache: write through
[   39.318668] floppy0: no floppy controllers found
[   39.327521]  sda: sda1
[   39.328284] sd 2:0:0:0: [sda] Attached SCSI disk
Begin: Loading essential drivers[   40.726646] md: linear personality registered for level -1
 ... [   40.782246] md: multipath personality registered for level -4
[   40.843199] md: raid0 personality registered for level 0
[   40.884857] md: raid1 personality registered for level 1
[   40.972022] raid6: sse2x1   gen()  5175 MB/s
[   41.068199] raid6: sse2x1   xor()  4035 MB/s
[   41.147964] raid6: sse2x2   gen() 10385 MB/s
[   41.240054] raid6: sse2x2   xor()  5381 MB/s
[   41.320022] raid6: sse2x4   gen()  5500 MB/s
[   41.395954] raid6: sse2x4   xor()  5747 MB/s
[   41.402646] raid6: using algorithm sse2x2 gen() 10385 MB/s
[   41.403966] raid6: .... xor() 5381 MB/s, rmw enabled
[   41.406204] raid6: using ssse3x2 recovery algorithm
[   41.409247] xor: automatically using best checksumming function:
[   41.452212]    avx       : 24351.000 MB/sec
[   41.462843] async_tx: api initialized (async)
[   41.486733] md: raid6 personality registered for level 6
[   41.495117] md: raid5 personality registered for level 5
[   41.509578] md: raid4 personality registered for level 4
[   41.531897] md: raid10 personality registered for level 10
done.
Begin: Running /scripts/init-premount ... done.
Begin: Mounting root file system ... Begin: Running /scripts/local-top ... done.
Begin: Running /scripts/local-premount ... [   41.581923] Btrfs loaded
Scanning for Btrfs filesystems
done.
Warning: fsck no[   41.645137] EXT4-fs (sda1): mounted filesystem with ordered data mode. Opts: (null)
t present, so skipping root file system
done.
Begin: Running /scripts/local-bottom ... done.
Begin: Running /scripts/init-bottom ... done.
[   41.751235] systemd[1]: systemd 229 running in system mode. (+PAM +AUDIT +SELINUX +IMA +APPARMOR +SMACK +SYSVINIT +UTMP +LIBCRYPTSETUP +GCRYPT +GNUTLS +ACL +XZ -LZ4 +SECCOMP +BLKID +ELFUTILS +KMOD -IDN)
[   41.862562] systemd[1]: Detected virtualization oracle.
[   41.928423] systemd[1]: Detected architecture x86-64.

Welcome to [1mUbuntu 16.04.1 LTS[0m!

[   42.008685] systemd[1]: Set hostname to <ubuntu>.
[   42.107033] systemd[1]: Initializing machine ID from random generator.
[   42.162917] systemd[1]: Installed transient /etc/machine-id file.
[   42.318321] systemd[1]: Listening on udev Control Socket.
[[0;32m  OK  [0m] Listening on udev Control Socket.
[   42.400244] systemd[1]: Reached target Encrypted Volumes.
[[0;32m  OK  [0m] Reached target Encrypted Volumes.
[   42.460318] systemd[1]: Listening on Journal Socket (/dev/log).
[[0;32m  OK  [0m] Listening on Journal Socket (/dev/log).
[   42.620283] systemd[1]: Reached target User and Group Name Lookups.
[[0;32m  OK  [0m] Reached target User and Group Name Lookups.
[   42.800179] systemd[1]: Reached target Swap.
[[0;32m  OK  [0m] Reached target Swap.
[   42.872692] systemd[1]: Started Forward Password Requests to Wall Directory Watch.
[[0;32m  OK  [0m] Started Forward Password Requests to Wall Directory Watch.
[   43.036423] systemd[1]: Listening on Journal Audit Socket.
[[0;32m  OK  [0m] Listening on Journal Audit Socket.
[   43.126487] systemd[1]: Listening on Journal Socket.
[[0;32m  OK  [0m] Listening on Journal Socket.
[   43.163364] systemd[1]: Set up automount Arbitrary Executable File Formats File System Automount Point.
[[0;32m  OK  [0m] Set up automount Arbitrary Executab...ats File System Automount Point.
[   43.352437] systemd[1]: Listening on udev Kernel Socket.
[[0;32m  OK  [0m] Listening on udev Kernel Socket.
[   43.469363] systemd[1]: Created slice System Slice.
[[0;32m  OK  [0m] Created slice System Slice.
[   43.508211] systemd[1]: Starting Nameserver information manager...
         Starting Nameserver information manager...
[   43.584256] systemd[1]: Starting Uncomplicated firewall...
         Starting Uncomplicated firewall...
[   43.625134] systemd[1]: Starting Set console keymap...
         Starting Set console keymap...
[   43.692686] systemd[1]: Created slice system-serial\x2dgetty.slice.
[[0;32m  OK  [0m] Created slice system-serial\x2dgetty.slice.
[   43.748435] systemd[1]: Starting Load Kernel Modules...
[   43.778221] Loading iSCSI transport class v2.0-870.
         Startin[   43.790535] iscsi: registered transport (tcp)
g Load Kernel Modules...
[   43.813395] systemd[1]: Starting Create list of required static device nodes for the current kernel...
         Starting Create list of required st... nodes for the current kernel...
[   43.834278] systemd[1]: Starting Remount Root and Kernel File Systems...
         Startin[   43.851790] EXT4-fs (sda1): re-mounted. Opts: (null)
g Remount Root and Kernel File Systems...
[   43.875137] systemd[1]: Listening on Syslog Socket.
[[0;32m  OK  [[   43.876987] iscsi: registered transport (iser)
0m] Listening on Syslog Socket.
[   43.912344] systemd[1]: Mounting Huge Pages File System...
         Mounting Huge Pages File System...
[   43.936632] systemd[1]: Created slice User and Session Slice.
[[0;32m  OK  [0m] Created slice User and Session Slice.
[   43.984446] systemd[1]: Reached target Slices.
[[0;32m  OK  [0m] Reached target Slices.
[   44.020566] systemd[1]: Listening on LVM2 metadata daemon socket.
[[0;32m  OK  [0m] Listening on LVM2 metadata daemon socket.
[   44.064280] systemd[1]: Listening on /dev/initctl Compatibility Named Pipe.
[[0;32m  OK  [0m] Listening on /dev/initctl Compatibility Named Pipe.
[   44.141159] systemd[1]: Listening on Device-mapper event daemon FIFOs.
[[0;32m  OK  [0m] Listening on Device-mapper event daemon FIFOs.
[   44.252473] systemd[1]: Starting Monitoring of LVM2 mirrors, snapshots etc. using dmeventd or progress polling...
[   44.252922] random: nonblocking pool is initialized
         Starting Monitoring of LVM2 mirrors... dmeventd or progress polling...
[   44.400092] systemd[1]: Mounting POSIX Message Queue File System...
         Mounting POSIX Message Queue File System...
[   44.568393] systemd[1]: Listening on LVM2 poll daemon socket.
[[0;32m  OK  [0m] Listening on LVM2 poll daemon socket.
[   44.704332] systemd[1]: Starting Journal Service...
         Starting Journal Service...
[   44.864259] systemd[1]: Mounting Debug File System...
         Mounting Debug File System...
[   44.944946] systemd[1]: Mounted POSIX Message Queue File System.
[[0;32m  OK  [0m] Mounted POSIX Message Queue File System.
[   45.116445] systemd[1]: Mounted Debug File System.
[[0;32m  OK  [0m] Mounted Debug File System.
[   45.245523] systemd[1]: Mounted Huge Pages File System.
[[0;32m  OK  [0m] Mounted Huge Pages File System.
[   45.400300] systemd[1]: Started Journal Service.
[[0;32m  OK  [0m] Started Journal Service.
[[0;32m  OK  [0m] Started Uncomplicated firewall.
[[0;32m  OK  [0m] Started Set console keymap.
[[0;32m  OK  [0m] Started Load Kernel Modules.
[[0;32m  OK  [0m] Started Create list of required sta...ce nodes for the current kernel.
[[0;32m  OK  [0m] Started Remount Root and Kernel File Systems.
[[0;32m  OK  [0m] Started Nameserver information manager.
[[0;32m  OK  [0m] Started LVM2 metadata daemon.
         Starting Load/Save Random Seed...
         Starting Initial cloud-init job (pre-networking)...
         Starting udev Coldplug all Devices...
         Starting Create Static Device Nodes in /dev...
         Starting Apply Kernel Variables...
         Mounting FUSE Control File System...
         Starting Flush Journal to Persistent Storage...
[[0;32m  OK  [0m] Mounted FUSE Control File System.
[[0;32m  OK  [0m] Started Monitoring of LVM2 mirrors,...ng dmeventd or progress polling.
[[0;32m  OK  [0m] Started Load/Save Random Seed.
[[0;32m  OK  [0m] Started Create Static Device Nodes in /dev.
[[0;32m  OK  [0m] Started Apply Kernel Variables.
[[0;32m  OK  [0m] Started udev Coldplug all Devices.
[[0;32m  OK  [0m] Started Flush Journal to Persistent Storage.
         Starting udev Kernel Device Manager...
[[0;32m  OK  [0m] Started udev Kernel Device Manager.
[   26.790266] cloud-init[472]: Cloud-init v. 0.7.8 running 'init-local' at Tue, 20 Jun 2017 10:16:05 +0000. Up 26.57 seconds.
[[0;32m  OK  [0m] Started Dispatch Password Requests to Console Directory Watch.
[[0;32m  OK  [0m] Reached target Local File Systems (Pre).
[[0;32m  OK  [0m] Reached target Local File Systems.
         Starting Create Volatile Files and Directories...
         Starting LSB: AppArmor initialization...
         Starting Tell Plymouth To Write Out Runtime Data...
         Starting Commit a transient machine-id on disk...
         Starting Set console font and keymap...
[[0;32m  OK  [0m] Started Initial cloud-init job (pre-networking).
[[0;32m  OK  [0m] Started Create Volatile Files and Directories.
[[0;32m  OK  [0m] Started Tell Plymouth To Write Out Runtime Data.
[[0;32m  OK  [0m] Started Commit a transient machine-id on disk.
[[0;32m  OK  [0m] Started Set console font and keymap.
[[0;32m  OK  [0m] Found device /dev/ttyS0.
[[0;32m  OK  [0m] Listening on Load/Save RF Kill Switch Status /dev/rfkill Watch.
[[0;32m  OK  [0m] Created slice system-getty.slice.
         Starting Update UTMP about System Boot/Shutdown...
[[0;32m  OK  [0m] Reached target System Time Synchronized.
[[0;32m  OK  [0m] Reached target Network (Pre).
[[0;32m  OK  [0m] Started LSB: AppArmor initialization.
[[0;32m  OK  [0m] Started Update UTMP about System Boot/Shutdown.
         Starting Raise network interfaces...
[[0;32m  OK  [0m] Started ifup for enp0s3.
[[0;32m  OK  [0m] Started Raise network interfaces.
[[0;32m  OK  [0m] Reached target Network.
         Starting Initial cloud-init job (metadata service crawler)...
[   30.980984] cloud-init[1053]: Cloud-init v. 0.7.8 running 'init' at Tue, 20 Jun 2017 10:16:09 +0000. Up 30.40 seconds.
[   30.992666] cloud-init[1053]: ci-info: +++++++++++++++++++++++++++++++++++++Net device info++++++++++++++++++++++++++++++++++++++
[   31.064328] cloud-init[1053]: ci-info: +--------+------+----------------------------+---------------+-------+-------------------+
[[0;32m  OK  [0m] Started Initial cloud-init job (metadata service crawler).
[   31.064699] cloud-init[1053]: ci-info: | Device |  Up  |          Address           |      Mask     | Scope |     Hw-Address    |
[[   31.244523] cloud-init[1053]: ci-info: +--------+------+----------------------------+---------------+-------+-------------------+
[   31.244992] cloud-init[1053]: ci-info: | enp0s3 | True |         10.0.2.15          | 255.255.255.0 |   .   | 02:51:40:82:8e:e9 |
[0;32m  OK  [0m] Reached target System Initialization.
[[   31.245171] cloud-init[1053]: ci-info: | enp0s3 | True | fe80::51:40ff:fe82:8ee9/64 |       .       |  link | 02:51:40:82:8e:e9 |
[   31.274310] cloud-init[1053]: ci-info: |   lo   | True |         127.0.0.1          |   255.0.0.0   |   .   |         .         |
[   31.274450] cloud-init[1053]: ci-info: |   lo   | True |          ::1/128           |       .       |  host |         .         |
[   31.274624] cloud-init[1053]: ci-info: +--------+------+----------------------------+---------------+-------+-------------------+
[   31.274777] cloud-init[1053]: ci-info: +++++++++++++++++++++++++++Route IPv4 info++++++++++++++++++++++++++++
[   31.274934] cloud-init[1053]: ci-info: +-------+-------------+----------+---------------+-----------+-------+
[   31.275091] cloud-init[1053]: ci-info: | Route | Destination | Gateway  |    Genmask    | Interface | Flags |
[   31.275251] cloud-init[1053]: ci-info: +-------+-------------+----------+---------------+-----------+-------+
[   31.275409] cloud-init[1053]: ci-info: |   0   |   0.0.0.0   | 10.0.2.2 |    0.0.0.0    |   enp0s3  |   UG  |
[   31.275567] cloud-init[1053]: ci-info: |   1   |   10.0.2.0  | 0.0.0.0  | 255.255.255.0 |   enp0s3  |   U   |
[   31.275729] cloud-init[1053]: ci-info: +-------+-------------+----------+---------------+-----------+-------+
[   31.275885] cloud-init[1053]: Generating public/private rsa key pair.
[0;32m  OK  [0m] Started Daily Cleanup of Temporary Directories.
[[   31.276077] cloud-init[1053]: Your identification has been saved in /etc/ssh/ssh_host_rsa_key.
[   31.845677] cloud-init[1053]: Your public key has been saved in /etc/ssh/ssh_host_rsa_key.pub.
[0;32m  OK  [0m] Started Daily apt activities.
[[   31.845740] cloud-init[1053]: The key fingerprint is:
[0;32m  OK  [0m] Started Trigger resolvconf update for networkd DNS.
[   31.981244] cloud-init[1053]: SHA256:ZCt2gyLTV5Oq9gCbonEsjbK9CCFtzQqv+2Zt7BjwPzA root@ubuntu-xenial
[   32.061079] [cloud-init[0;32m  OK  [0m[1053]: ] The key's randomart image is:Started Timer to automatically refresh installed snaps.

[   32.061208] cloud-init[1053]: +---[RSA 2048]----+
[[   32.212889] [0;32m  OK  [0mcloud-init] [1053]: Reached target Timers.|                 |

[   32.316490] cloud-init[1053]: |         .       |
[   32.316941] cloud-init[1053]: |        *        |
[[0;32m  OK  [0m] Started ACPI Events Check.
[   32.317081] cloud-init[1053]: | . +   * o       |
[   32.428910] cloud-init[1053]: |= * = * S        |
[[0;32m  OK  [0m] Reached target Paths.
[[   32.429204] cloud-init[1053]: |.@EB = o .       |
[   32.497267] cloud-init[1053]: |B @=+            |
[0;32m  OK  [0m] Listening on ACPID Listen Socket.
[[   32.497448] cloud-init[1053]: |+Xo==o           |
[   32.557957] cloud-init[1053]: |*==+o..          |
[0;32m  OK  [0m] Listening on UUID daemon activation socket.
[[   32.558058] cloud-init[1053]: +----[SHA256]-----+
[   32.645812] cloud-init[1053]: Generating public/private dsa key pair.
[0;32m  OK  [0m] Listening on D-Bus System Message Bus Socket.
[   32.645910] cloud-init[1053]: Your identification has been saved in /etc/ssh/ssh_host_dsa_key.
[   32.748359] cloud-init[1053]: Your public key has been saved in /etc/ssh/ssh_host_dsa_key.pub.
[   32.748714] cloud-init[1053]: The key fingerprint is:
         Starting LXD - unix socket.
         [   32.748845] cloud-init[1053]: SHA256:EP5HhacFIv8jtnoCu9Sv8ElGLZgdWciHHg/8dNizmPQ root@ubuntu-xenial
[   32.821070] cloud-init[1053]: The key's randomart image is:
[   32.821171] cloud-init[1053]: +---[DSA 1024]----+
[   32.821302] cloud-init[1053]: |     ooooo.o.    |
[   32.821442] cloud-init[1053]: |     .B*=.=.o    |
[   32.821583] cloud-init[1053]: |     .=O.=.*     |
[   32.821723] cloud-init[1053]: |     +.==oE      |
[   32.821865] cloud-init[1053]: |    o + S +      |
[   32.822007] cloud-init[1053]: |    .o o + .     |
[   32.822163] cloud-init[1053]: |    oo+ .        |
[   32.822317] cloud-init[1053]: |   ..=.+.        |
[   32.822440] cloud-init[1053]: |    ..=+.        |
[   32.822567] cloud-init[1053]: +----[SHA256]-----+
[   32.822698] cloud-init[1053]: Generating public/private ecdsa key pair.
[   32.822824] cloud-init[1053]: Your identification has been saved in /etc/ssh/ssh_host_ecdsa_key.
[   32.822952] cloud-init[1053]: Your public key has been saved in /etc/ssh/ssh_host_ecdsa_key.pub.
[   32.823079] cloud-init[1053]: The key fingerprint is:
[   32.823206] cloud-init[1053]: SHA256:Zf1MW3TuO5OctIWi5Pn1FFeE9Et0DcDXaxt5J4tGGPs root@ubuntu-xenial
[   32.823343] cloud-init[1053]: The key's randomart image is:
[   32.823463] cloud-init[1053]: +---[ECDSA 256]---+
[   32.823591] cloud-init[1053]: |           ..oo=*|
[   32.823756] cloud-init[1053]: |          ... +==|
Starting Socket activation for snappy daemon.
[[   32.823886] cloud-init[1053]: |          o+....B|
[0;32m  OK  [0m] Reached target Network is Online.
[   33.137369] cloud-init[1053]: |         oo .+oX=|
[   33.181670] cloud-init[1053]: |        S .o..**O|
[   33.204506] cloud-init[1053]: |         o oE.+.O|
[   33.204763] cloud-init[1053]: |          +.  .O.|
         Starting iSCSI initiator daemon (iscsid)...
[   33.204931] cloud-init[1053]: |           . . oo|
[   33.279987] cloud-init[1053]: |            .   .|
[[0;32m  OK  [0m] Reached target Cloud-config availability.
[   33.280153] cloud-init[1053]: +----[SHA256]-----+
[   33.400301] cloud-init[1053]: Generating public/private ed25519 key pair.
[   33.400640] cloud-init[1053]: Your identification has been saved in /etc/ssh/ssh_host_ed25519_key.
[[0;32m  OK  [0m] Listening on LXD - unix socket.
[   33.500342] cloud-init[1053]: Your public key has been saved in /etc/ssh/ssh_host_ed25519_key.pub.
[   33.500612] cloud-init[1053]: The key fingerprint is:
[[0;32m  OK  [0m] Listening on Socket activation for snappy daemon.
[   33.500719] cloud-init[1053]: SHA256:4XZAkRUbnoxTXUIXy0tFPITEIJyr4hazsD+d243BzBA root@ubuntu-xenial
[   33.684499] cloud-init[1053]: The key's randomart image is:
[   33.684748] cloud-init[1053]: +--[ED25519 256]--+
[[0;32m  OK  [0m] Started iSCSI initiator daemon (iscsid).
[   33.684894] cloud-init[1053]: |        +=*=*o*=o|
[   33.745909] cloud-init[1053]: |       ..B.+.* +.|
[   33.746935] cloud-init[1053]: |       E= *   + .|
[   33.748941] cloud-init[1053]: |       ..=   . . |
[   33.749759] cloud-init[1053]: |       .S .   .  |
[   33.750566] cloud-init[1053]: |   . + o=.       |
[   33.751723] cloud-init[1053]: |    + * .=       |
[   33.752592] cloud-init[1053]: |   . = o. +      |
[   33.753457] cloud-init[1053]: |    o....o .     |
[   33.756722] cloud-init[1053]: +----[SHA256]-----+
         Starting Login to default iSCSI targets...
[[0;32m  OK  [0m] Reached target Sockets.
[[0;32m  OK  [0m] Reached target Basic System.
         Starting LXD - container startup/shutdown...
         Starting LSB: Record successful boot for GRUB...
[[0;32m  OK  [0m] Started Snappy daemon.
[[0;32m  OK  [0m] Started Deferred execution scheduler.
[[0;32m  OK  [0m] Started FUSE filesystem for LXC.
[[0;32m  OK  [0m] Started ACPI event daemon.
[[0;32m  OK  [0m] Started D-Bus System Message Bus.
         Starting Login Service...
         Starting LSB: MD monitoring daemon...
         Starting Auto import assertions from block devices...
         Starting System Logging Service...
         Starting Apply the settings specified in cloud-config...
[[0;32m  OK  [0m] Started Regular background program processing daemon.
         Starting Pollinate to seed the pseudo random number generator...
         Starting Accounts Service...
         Starting /etc/rc.local Compatibility...
[[0;32m  OK  [0m] Started System Logging Service.
[[0;32m  OK  [0m] Started LXD - container startup/shutdown.
[[0;32m  OK  [0m] Started Auto import assertions from block devices.
[[0;32m  OK  [0m] Started /etc/rc.local Compatibility.
[   34.690565] cloud-init[1197]: Generating locales (this might take a while)...
[[0;32m  OK  [0m] Started Login to default iSCSI targets.
[[0;32m  OK  [0m] Started LSB: Record successful boot for GRUB.
[[0;32m  OK  [0m] Started Pollinate to seed the pseudo random number generator.
[[0;32m  OK  [0m] Started LSB: MD monitoring daemon.
[[0;32m  OK  [0m] Started Login Service.
         Starting Authenticate and Authorize Users to Run Privileged Tasks...
         Starting OpenBSD Secure Shell server...
[[0;32m  OK  [0m] Reached target Remote File Systems (Pre).
[[0;32m  OK  [0m] Reached target Remote File Systems.
         Starting LSB: VirtualBox Linux Additions...
         Starting LSB: automatic crash report generation...
         Starting LSB: daemon to balance interrupts for SMP systems...
         Starting Permit User Sessions...
         Starting LSB: Set the CPU Frequency Scaling governor to "ondemand"...
[[0;32m  OK  [0m] Started OpenBSD Secure Shell server.
[[0;32m  OK  [0m] Started Permit User Sessions.
[[0;32m  OK  [0m] Started Authenticate and Authorize Users to Run Privileged Tasks.
[   35.553815] cloud-init[1197]:   en_US.UTF-8... done
[   35.580352] [cloud-init[0;32m  OK  [0m[1197]: ] Generation complete.Started Accounts Service.

         Starting Hold until boot process finishes up...
         Starting Terminate Plymouth Boot Screen...
[[0;32m  OK  [0m] Started LSB: VirtualBox Linux Additions.
[[0;32m  OK  [0m] Started LSB: automatic crash report generation.
[[0;32m  OK  [0m] Started LSB: daemon to balance interrupts for SMP systems.
[[0;32m  OK  [0m] Started LSB: Set the CPU Frequency Scaling governor to "ondemand".
[[0;32m  OK  [0m] Started Hold until boot process finishes up.
[[0;32m  OK  [0m] Started Terminate Plymouth Boot Screen.
         Stopping OpenBSD Secure Shell server...
[[0;32m  OK  [0m] Started Serial Getty on ttyS0.
[[0;32m  OK  [0m] Started Getty on tty1.
[[0;32m  OK  [0m] Reached target Login Prompts.
         Starting Set console scheme...
[[0;32m  OK  [0m] Stopped OpenBSD Secure Shell server.
[[0;32m  OK  [0m] Started Set console scheme.
         Starting OpenBSD Secure Shell server...
[[0;32m  OK  [0m] Started OpenBSD Secure Shell server.
[[0;32m  OK  [0m] Reached target Multi-User System.
[[0;32m  OK  [0m] Reached target Graphical Interface.
         Starting Update UTMP about System Runlevel Changes...
[[0;32m  OK  [0m] Started Update UTMP about System Runlevel Changes.
[[0;32m  OK  [0m] Created slice User Slice of ubuntu.
         Starting User Manager for UID 1000...
[   36.488272] cloud-init[1197]: Cloud-init v. 0.7.8 running 'modules:config' at Tue, 20 Jun 2017 10:16:13 +0000. Up 34.59 seconds.
[[0;32m  OK  [0m] Started User Manager for UID 1000.
[[0;32m  OK  [0m] Started Apply the settings specified in cloud-config.
[[0;32m  OK  [0m] Started Session 1 of user ubuntu.
         Starting Execute cloud user/final scripts...
ci-info: no authorized ssh keys fingerprints found for user ubuntu.
<14>Jun 20 10:16:16 ec2: 
<14>Jun 20 10:16:16 ec2: #############################################################
<14>Jun 20 10:16:16 ec2: -----BEGIN SSH HOST KEY FINGERPRINTS-----
<14>Jun 20 10:16:16 ec2: 1024 SHA256:EP5HhacFIv8jtnoCu9Sv8ElGLZgdWciHHg/8dNizmPQ root@ubuntu-xenial (DSA)
<14>Jun 20 10:16:16 ec2: 256 SHA256:Zf1MW3TuO5OctIWi5Pn1FFeE9Et0DcDXaxt5J4tGGPs root@ubuntu-xenial (ECDSA)
<14>Jun 20 10:16:16 ec2: 256 SHA256:4XZAkRUbnoxTXUIXy0tFPITEIJyr4hazsD+d243BzBA root@ubuntu-xenial (ED25519)
<14>Jun 20 10:16:16 ec2: 2048 SHA256:ZCt2gyLTV5Oq9gCbonEsjbK9CCFtzQqv+2Zt7BjwPzA root@ubuntu-xenial (RSA)
<14>Jun 20 10:16:16 ec2: -----END SSH HOST KEY FINGERPRINTS-----
<14>Jun 20 10:16:16 ec2: #############################################################
-----BEGIN SSH HOST KEY KEYS-----
ecdsa-sha2-nistp256 AAAAE2VjZHNhLXNoYTItbmlzdHAyNTYAAAAIbmlzdHAyNTYAAABBBEFloEJZUD6jNDrYyU6LMNDQZ14SgOb5LqNdHKnVvNzUU808zPcHakTBpCXsjOLE+eJGNiJpswqLtikoiMoNesk= root@ubuntu-xenial
ssh-ed25519 AAAAC3NzaC1lZDI1NTE5AAAAINLToOyw2/+lODjIqLKyDFdB8rvimxqGGgnFHVYlQmRJ root@ubuntu-xenial
ssh-rsa AAAAB3NzaC1yc2EAAAADAQABAAABAQDTCZ73faIEO3uA++IAhXBOgIr77np81tYuZCHtV4Csw8kYE5vnH4+f2JmKzter4O2tpGDClCQp844dt3EkgxFxtH6KIwxKAoZtnZhDf5c2KfIXSdiqy1T97LmmLMxtbBn0/rWwc85AKLvjqwDQiNMMjnSj60mg88P3kuxSwhxpcJa4OYNTmxHQUx+YRzVWIIL7tV6vGqBPQmCWx6Y0s8Fd+qnCNTZtFGNHKKvE8zZ3jr+Xfhq2bFB0CLRaI939DIJYJ3PWA+tVA3dPRMn+FhKNAhwFnJILALfQD+hum/8zlasjxhmAZxjy+aQ1aa1dAH4B0LCXP8LUG/mOGK92C+cP root@ubuntu-xenial
-----END SSH HOST KEY KEYS-----
[   37.981035] cloud-init[1427]: Cloud-init v. 0.7.8 running 'modules:final' at Tue, 20 Jun 2017 10:16:16 +0000. Up 36.93 seconds.
[   38.137346] cloud-init[1427]: ci-info: no authorized ssh keys fingerprints found for user ubuntu.
[   38.204301] cloud-init[1427]: Cloud-init v. 0.7.8 finished at Tue, 20 Jun 2017 10:16:17 +0000. Datasource DataSourceNoCloud [seed=/dev/sdb][dsmode=net].  Up 37.97 seconds
[[0;32m  OK  [0m] Started Session 2 of user ubuntu.
[[0;32m  OK  [0m] Started Execute cloud user/final scripts.
[[0;32m  OK  [0m] Reached target Cloud-init target.

Ubuntu 16.04.1 LTS ubuntu-xenial ttyS0

ubuntu-xenial login: 